adsp_avs_build_property
qurt_elite_memory_malloc
qurt_elite_memory_free
memsmove
memscpy
memcpy
memmove
memset
DeInterleave_16
DeInterleave_32
div_s
HAP_debug
HAP_debug_v2
__hexagon_divsi3
__hexagon_udivsi3
__hexagon_memcpy_likely_aligned_min32bytes_mult8bytes
__stack_chk_fail
__stack_chk_guard
vsnprintf
__restore_r16_through_r27_and_deallocframe
__restore_r16_through_r25_and_deallocframe
__save_r16_through_r27
__save_r16_through_r25
err_Fatal_internal0
algo_log_alloc
algo_log_buffer
algo_log_free_buffer
_Assert
_FSin
_Sin
__hexagon_adddf3
__hexagon_divdf3
__hexagon_divdi3
__hexagon_divsf3
__hexagon_modsi3
__hexagon_muldf3
__hexagon_subdf3
__qdsp_divsi3
__restore_r16_through_r19_and_deallocframe
__save_r16_through_r19
free
malloc
atan2f
exp
floorf
pow
puts
rand
sqrt
sqrtf
memcmp
_Dbl
_Log
__deallocframe
__hexagon_udivdi3
__restore_r27_through_r24_and_deallocframe
__save_r27_through_r24
abs
__hexagon_umodsi3
adsp_license_db_get_license
adsp_license_db_get_size
dspcache_linear_l2fetch
printf
putchar
s32_div_s32_s32_normalized
strlen
_Stderr
_Stdout
qurt_elite_memory_aligned_free
qurt_elite_memory_aligned_malloc
snprintf
strlcpy
_ZdlPv
__cxa_pure_virtual
qurt_elite_signal_send
qurt_elite_thread_join
qurt_elite_thread_prio_get
qurt_elite_thread_set_prio
qurt_elite_signal_create
qurt_elite_channel_create
qurt_elite_channel_add_signal
qurt_elite_thread_launch
qurt_elite_channel_delete
qurt_elite_signal_delete
qurt_elite_signal_get_channel_bit
qurt_elite_channel_wait
qurt_elite_signal_clear
_FLog
_Getpctype
_Getptolower
_Getptoupper
_Stod
_Stoll
__hexagon_moddi3
__wrap_calloc
__wrap_free
__wrap_malloc
__wrap_realloc
asinf
ceilf
exit
floor
mktime
powf
sscanf
strcmp
strdup
strlcat
strncmp
strtol
tan
tanf
fprintf
fwrite
audio_cross_fade_get_mem_req
audio_cross_fade_init_memory
audio_cross_fade_set_param
audio_cross_fade_get_param
audio_cross_fade_process
