Adm_FastrpcGetParam
Adm_FastrpcSetParam
adsp_addref_mmap
adsp_mmap_fd_getinfo
adsp_pls_add_lookup
adsp_power_boost_off
adsp_power_boost_on
adsp_release_mmap
apps_mem_request_map
apps_mem_request_map64
apps_mem_request_unmap
apps_mem_request_unmap64
apps_mem_share_map
apps_mem_share_unmap
elite_apr_if_alloc_send_cmd
elite_apr_if_end_cmd
elite_apr_if_get_opcode
elite_apr_if_get_payload_ptr
elite_apr_if_lookup_addr_by_name
elite_apr_if_register_by_name
fastrpc_migrate_cpz
HAP_cache_lock
HAP_cache_lock_addr
HAP_cache_unlock
HAP_cache_unlock_addr
HAP_clear_registers
HAP_cx_free
HAP_cx_malloc
HAP_debug
HAP_debug_ptrace
HAP_debug_runtime
HAP_debug_v2
HAP_get_chip_family_id
HAP_get_process_list
HAP_get_dsp_domain
HAP_HVX_power_release
HAP_HVX_power_request
HAP_mem_get_stats
HAP_mem_set_grow_size
HAP_mmap
HAP_mmap_get
HAP_mmap_put
HAP_munmap
HAP_perf_get_pcycles
HAP_perf_get_time_us
HAP_pls_add
HAP_pls_add_lookup
HAP_pls_lookup
HAP_power_get
HAP_power_get_max_speed
HAP_power_request
HAP_power_request_abs
HAP_power_set
HAP_query_avail_cachelock
HAP_query_avail_VTCM
HAP_query_total_cachelock
HAP_query_total_VTCM
HAP_release_VTCM
HAP_request_VTCM
HAP_rfs_wait
HAP_set_process_name
HAP_setFARFRuntimeLoggingParams
HAP_thread_migrate
remote_handle_close
remote_handle_invoke
remote_handle_open
SigVerify_HaveTestRoot
std_memscpy
std_memsmove
HP_profile
HAP_timer_sleep
