Adm_FastrpcGetParam
Adm_FastrpcSetParam
adsp_amdb_add_appi_exp
adsp_amdb_add_capi_ex_exp
adsp_amdb_add_capi_exp
adsp_amdb_add_capi_v2_exp
adsp_amdb_print_all_appi_exp
adsp_amdb_print_all_capi_exp
adsp_amdb_print_all_capi_v2_exp
adsp_amdb_remove_all_appi_exp
adsp_amdb_remove_all_capi_exp
adsp_amdb_remove_all_capi_v2_exp
adsp_amdb_remove_appi_exp
adsp_amdb_remove_capi_ex_exp
adsp_amdb_remove_capi_exp
adsp_amdb_remove_capi_v2_exp
DAL_DeviceAttach
DAL_DeviceAttachEx
DAL_DeviceAttachLocal
DAL_DeviceAttachRemote
DAL_DeviceDetach
DAL_StringDeviceAttach
DAL_StringDeviceAttachEx
elite_apr_if_alloc_send_cmd
elite_apr_if_end_cmd
elite_apr_if_get_opcode
elite_apr_if_get_payload_ptr
elite_apr_if_lookup_addr_by_name
elite_apr_if_register_by_name
qmi_client_get_service_instance
qmi_client_get_service_list
qmi_client_init
qmi_client_init_instance
qmi_client_message_decode
qmi_client_notifier_init
qmi_client_register_error_cb
qmi_client_register_notify_cb
qmi_client_release
qmi_client_send_msg_async
qmi_client_send_msg_sync
qmi_idl_message_decode
qurt_futex_wait64
qurt_spawn
qurt_sysenv_get_swap_spool0
qurt_sysenv_get_swap_spool1
qurt_thread_get_anysignal
qurt_thread_id_list_front
qurt_thread_id_list_lock
qurt_thread_id_list_next
qurt_thread_id_list_unlock
smdl_close
smdl_open
smdl_read
smdl_rx_peek
smdl_tx_peek
smdl_write
spi_clk_ctrl
spi_close
spi_full_duplex
spi_open
spi_read
spi_write
timer_clr_64
timer_clr_osal_thread_timers
timer_def2
timer_def_osal
timer_defer_match_interrupt_64
timer_expires_at_64
timer_get_64
timer_get_first_non_deferrable_timer_expiry
timer_get_start_64
timer_get_time_till_first_non_deferrable_timer_64
timer_group_disable
timer_group_enable
timer_group_set_deferrable
timer_is_active
timer_non_defer_group
timer_null_group
timer_pause
timer_reg
timer_register_for_non_defer_expiry_change
timer_resume
timer_set_64
timer_set_absolute
timer_set_wakeup_64
timer_sleep
timer_stop
timer_undef
uGPIOInt_DeregisterInterrupt
uGPIOInt_IsInterruptPending
uGPIOInt_RegisterInterrupt
uTimetick_CvtFromTicks
uTimetick_CvtToTicks
uTimetick_Get
uTlmm_ConfigGpio
uTlmm_GpioIn
uTlmm_GpioOut
